Welcome to the banking system!
Do you want to login or exit : 
Enter login type (admin or standard): 
Enter account number: 
Enter account name: 
Login successful!

What do you want to do today?
W – Withdrawal
T - Transfer
P - Paybill
D - Deposit
C - Create
DE - Delete
DI - Disable
CH - Change Plan
L – Logout
How much would you like to withdraw : 
Standard users can’t withdraw above 500, session terminated!
