Welcome to the banking system!
Do you want to login or exit : 
Enter login type (admin or standard): 
Enter account number: 
Enter account name: 
Login successful!

What do you want to do today?
W – Withdrawal
T - Transfer
P - Paybill
D - Deposit
C - Create
DE - Delete
DI - Disable
CH - Change Plan
L – Logout
Please select the payee you want to pay the bill to:
EC - The Bright Light Electric Company
CQ - Credit Card Company Q
FI - Fast Internet, Inc.
How much would you like to pay : 
Standard users can’t pay bills above 2000! 
