Welcome to the banking system!
Do you want to login or exit : 
Enter login type (admin or standard): 
Enter account number: 
Login successful!

What do you want to do today?
W – Withdrawal
T - Transfer
P - Paybill
D - Deposit
C - Create
DE - Delete
DI - Disable
CH - Change Plan
L – Logout
Please enter the account number of the account to delete : 
Please enter the account name of the account to delete : 
Account deleted successfully, session terminated!
